Archive member included to satisfy reference by file (symbol)

C:/ST/STM32CubeIDE_1.13.1/STM32CubeIDE/plugins/com.st.stm32cube.ide.mcu.externaltools.gnu-tools-for-stm32.11.3.rel1.win32_1.1.0.202305231506/tools/bin/../lib/gcc/arm-none-eabi/11.3.1/../../../../arm-none-eabi/lib/thumb/v7-m/nofp\libc_nano.a(libc_a-exit.o)
                              C:/ST/STM32CubeIDE_1.13.1/STM32CubeIDE/plugins/com.st.stm32cube.ide.mcu.externaltools.gnu-tools-for-stm32.11.3.rel1.win32_1.1.0.202305231506/tools/bin/../lib/gcc/arm-none-eabi/11.3.1/../../../../arm-none-eabi/lib/thumb/v7-m/nofp/crt0.o (exit)
C:/ST/STM32CubeIDE_1.13.1/STM32CubeIDE/plugins/com.st.stm32cube.ide.mcu.externaltools.gnu-tools-for-stm32.11.3.rel1.win32_1.1.0.202305231506/tools/bin/../lib/gcc/arm-none-eabi/11.3.1/../../../../arm-none-eabi/lib/thumb/v7-m/nofp\libc_nano.a(libc_a-findfp.o)
                              C:/ST/STM32CubeIDE_1.13.1/STM32CubeIDE/plugins/com.st.stm32cube.ide.mcu.externaltools.gnu-tools-for-stm32.11.3.rel1.win32_1.1.0.202305231506/tools/bin/../lib/gcc/arm-none-eabi/11.3.1/../../../../arm-none-eabi/lib/thumb/v7-m/nofp\libc_nano.a(libc_a-exit.o) (__stdio_exit_handler)
C:/ST/STM32CubeIDE_1.13.1/STM32CubeIDE/plugins/com.st.stm32cube.ide.mcu.externaltools.gnu-tools-for-stm32.11.3.rel1.win32_1.1.0.202305231506/tools/bin/../lib/gcc/arm-none-eabi/11.3.1/../../../../arm-none-eabi/lib/thumb/v7-m/nofp\libc_nano.a(libc_a-fwalk.o)
                              C:/ST/STM32CubeIDE_1.13.1/STM32CubeIDE/plugins/com.st.stm32cube.ide.mcu.externaltools.gnu-tools-for-stm32.11.3.rel1.win32_1.1.0.202305231506/tools/bin/../lib/gcc/arm-none-eabi/11.3.1/../../../../arm-none-eabi/lib/thumb/v7-m/nofp\libc_nano.a(libc_a-findfp.o) (_fwalk_sglue)
C:/ST/STM32CubeIDE_1.13.1/STM32CubeIDE/plugins/com.st.stm32cube.ide.mcu.externaltools.gnu-tools-for-stm32.11.3.rel1.win32_1.1.0.202305231506/tools/bin/../lib/gcc/arm-none-eabi/11.3.1/../../../../arm-none-eabi/lib/thumb/v7-m/nofp\libc_nano.a(libc_a-stdio.o)
                              C:/ST/STM32CubeIDE_1.13.1/STM32CubeIDE/plugins/com.st.stm32cube.ide.mcu.externaltools.gnu-tools-for-stm32.11.3.rel1.win32_1.1.0.202305231506/tools/bin/../lib/gcc/arm-none-eabi/11.3.1/../../../../arm-none-eabi/lib/thumb/v7-m/nofp\libc_nano.a(libc_a-findfp.o) (__sread)
C:/ST/STM32CubeIDE_1.13.1/STM32CubeIDE/plugins/com.st.stm32cube.ide.mcu.externaltools.gnu-tools-for-stm32.11.3.rel1.win32_1.1.0.202305231506/tools/bin/../lib/gcc/arm-none-eabi/11.3.1/../../../../arm-none-eabi/lib/thumb/v7-m/nofp\libc_nano.a(libc_a-memset.o)
                              C:/ST/STM32CubeIDE_1.13.1/STM32CubeIDE/plugins/com.st.stm32cube.ide.mcu.externaltools.gnu-tools-for-stm32.11.3.rel1.win32_1.1.0.202305231506/tools/bin/../lib/gcc/arm-none-eabi/11.3.1/../../../../arm-none-eabi/lib/thumb/v7-m/nofp/crt0.o (memset)
C:/ST/STM32CubeIDE_1.13.1/STM32CubeIDE/plugins/com.st.stm32cube.ide.mcu.externaltools.gnu-tools-for-stm32.11.3.rel1.win32_1.1.0.202305231506/tools/bin/../lib/gcc/arm-none-eabi/11.3.1/../../../../arm-none-eabi/lib/thumb/v7-m/nofp\libc_nano.a(libc_a-closer.o)
                              C:/ST/STM32CubeIDE_1.13.1/STM32CubeIDE/plugins/com.st.stm32cube.ide.mcu.externaltools.gnu-tools-for-stm32.11.3.rel1.win32_1.1.0.202305231506/tools/bin/../lib/gcc/arm-none-eabi/11.3.1/../../../../arm-none-eabi/lib/thumb/v7-m/nofp\libc_nano.a(libc_a-stdio.o) (_close_r)
C:/ST/STM32CubeIDE_1.13.1/STM32CubeIDE/plugins/com.st.stm32cube.ide.mcu.externaltools.gnu-tools-for-stm32.11.3.rel1.win32_1.1.0.202305231506/tools/bin/../lib/gcc/arm-none-eabi/11.3.1/../../../../arm-none-eabi/lib/thumb/v7-m/nofp\libc_nano.a(libc_a-reent.o)
                              C:/ST/STM32CubeIDE_1.13.1/STM32CubeIDE/plugins/com.st.stm32cube.ide.mcu.externaltools.gnu-tools-for-stm32.11.3.rel1.win32_1.1.0.202305231506/tools/bin/../lib/gcc/arm-none-eabi/11.3.1/../../../../arm-none-eabi/lib/thumb/v7-m/nofp\libc_nano.a(libc_a-closer.o) (errno)
C:/ST/STM32CubeIDE_1.13.1/STM32CubeIDE/plugins/com.st.stm32cube.ide.mcu.externaltools.gnu-tools-for-stm32.11.3.rel1.win32_1.1.0.202305231506/tools/bin/../lib/gcc/arm-none-eabi/11.3.1/../../../../arm-none-eabi/lib/thumb/v7-m/nofp\libc_nano.a(libc_a-impure.o)
                              C:/ST/STM32CubeIDE_1.13.1/STM32CubeIDE/plugins/com.st.stm32cube.ide.mcu.externaltools.gnu-tools-for-stm32.11.3.rel1.win32_1.1.0.202305231506/tools/bin/../lib/gcc/arm-none-eabi/11.3.1/../../../../arm-none-eabi/lib/thumb/v7-m/nofp\libc_nano.a(libc_a-reent.o) (_impure_ptr)
C:/ST/STM32CubeIDE_1.13.1/STM32CubeIDE/plugins/com.st.stm32cube.ide.mcu.externaltools.gnu-tools-for-stm32.11.3.rel1.win32_1.1.0.202305231506/tools/bin/../lib/gcc/arm-none-eabi/11.3.1/../../../../arm-none-eabi/lib/thumb/v7-m/nofp\libc_nano.a(libc_a-lseekr.o)
[...]
Memory Configuration

Name             Origin             Length             Attributes
RAM              0x0000000020000000 0x0000000000005000 xrw
FLASH            0x0000000008000000 0x0000000000010000 xr
*default*        0x0000000000000000 0xffffffffffffffff

Linker script and memory map

LOAD C:/ST/STM32CubeIDE_1.13.1/STM32CubeIDE/plugins/com.st.stm32cube.ide.mcu.externaltools.gnu-tools-for-stm32.11.3.rel1.win32_1.1.0.202305231506/tools/bin/../lib/gcc/arm-none-eabi/11.3.1/thumb/v7-m/nofp/crti.o
LOAD C:/ST/STM32CubeIDE_1.13.1/STM32CubeIDE/plugins/com.st.stm32cube.ide.mcu.externaltools.gnu-tools-for-stm32.11.3.rel1.win32_1.1.0.202305231506/tools/bin/../lib/gcc/arm-none-eabi/11.3.1/thumb/v7-m/nofp/crtbegin.o
LOAD C:/ST/STM32CubeIDE_1.13.1/STM32CubeIDE/plugins/com.st.stm32cube.ide.mcu.externaltools.gnu-tools-for-stm32.11.3.rel1.win32_1.1.0.202305231506/tools/bin/../lib/gcc/arm-none-eabi/11.3.1/../../../../arm-none-eabi/lib/thumb/v7-m/nofp/crt0.o
LOAD ./Src/AFIO.o
LOAD ./Src/DELAY_PROG.o
LOAD ./Src/ESP8266_PROG.o
LOAD ./Src/EXTI.o
LOAD ./Src/FPEC_program.o
LOAD ./Src/GPIO.o
LOAD ./Src/NVIC_PROG.o
LOAD ./Src/Parse.o
LOAD ./Src/RCC_PROG.o
LOAD ./Src/SYSTICK_PROG.o
LOAD ./Src/TIMERx_PROG.o
LOAD ./Src/USART2_PROG.o
LOAD ./Src/USART_PROG.o
LOAD ./Src/main.o
LOAD ./Src/syscalls.o
LOAD ./Src/sysmem.o
LOAD ./Startup/startup_stm32f103c8tx.o
START GROUP
LOAD C:/ST/STM32CubeIDE_1.13.1/STM32CubeIDE/plugins/com.st.stm32cube.ide.mcu.externaltools.gnu-tools-for-stm32.11.3.rel1.win32_1.1.0.202305231506/tools/bin/../lib/gcc/arm-none-eabi/11.3.1/../../../../arm-none-eabi/lib/thumb/v7-m/nofp\libc_nano.a
LOAD C:/ST/STM32CubeIDE_1.13.1/STM32CubeIDE/plugins/com.st.stm32cube.ide.mcu.externaltools.gnu-tools-for-stm32.11.3.rel1.win32_1.1.0.202305231506/tools/bin/../lib/gcc/arm-none-eabi/11.3.1/../../../../arm-none-eabi/lib/thumb/v7-m/nofp\libm.a
END GROUP
START GROUP
LOAD C:/ST/STM32CubeIDE_1.13.1/STM32CubeIDE/plugins/com.st.stm32cube.ide.mcu.externaltools.gnu-tools-for-stm32.11.3.rel1.win32_1.1.0.202305231506/tools/bin/../lib/gcc/arm-none-eabi/11.3.1/thumb/v7-m/nofp\libgcc.a
LOAD C:/ST/STM32CubeIDE_1.13.1/STM32CubeIDE/plugins/com.st.stm32cube.ide.mcu.externaltools.gnu-tools-for-stm32.11.3.rel1.win32_1.1.0.202305231506/tools/bin/../lib/gcc/arm-none-eabi/11.3.1/../../../../arm-none-eabi/lib/thumb/v7-m/nofp\libc_nano.a
END GROUP
START GROUP
LOAD C:/ST/STM32CubeIDE_1.13.1/STM32CubeIDE/plugins/com.st.stm32cube.ide.mcu.externaltools.gnu-tools-for-stm32.11.3.rel1.win32_1.1.0.202305231506/tools/bin/../lib/gcc/arm-none-eabi/11.3.1/thumb/v7-m/nofp\libgcc.a
LOAD C:/ST/STM32CubeIDE_1.13.1/STM32CubeIDE/plugins/com.st.stm32cube.ide.mcu.externaltools.gnu-tools-for-stm32.11.3.rel1.win32_1.1.0.202305231506/tools/bin/../lib/gcc/arm-none-eabi/11.3.1/../../../../arm-none-eabi/lib/thumb/v7-m/nofp\libc_nano.a
LOAD C:/ST/STM32CubeIDE_1.13.1/STM32CubeIDE/plugins/com.st.stm32cube.ide.mcu.externaltools.gnu-tools-for-stm32.11.3.rel1.win32_1.1.0.202305231506/tools/bin/../lib/gcc/arm-none-eabi/11.3.1/../../../../arm-none-eabi/lib/thumb/v7-m/nofp\libnosys.a
END GROUP
START GROUP
LOAD C:/ST/STM32CubeIDE_1.13.1/STM32CubeIDE/plugins/com.st.stm32cube.ide.mcu.externaltools.gnu-tools-for-stm32.11.3.rel1.win32_1.1.0.202305231506/tools/bin/../lib/gcc/arm-none-eabi/11.3.1/thumb/v7-m/nofp\libgcc.a
LOAD C:/ST/STM32CubeIDE_1.13.1/STM32CubeIDE/plugins/com.st.stm32cube.ide.mcu.externaltools.gnu-tools-for-stm32.11.3.rel1.win32_1.1.0.202305231506/tools/bin/../lib/gcc/arm-none-eabi/11.3.1/../../../../arm-none-eabi/lib/thumb/v7-m/nofp\libc_nano.a
LOAD C:/ST/STM32CubeIDE_1.13.1/STM32CubeIDE/plugins/com.st.stm32cube.ide.mcu.externaltools.gnu-tools-for-stm32.11.3.rel1.win32_1.1.0.202305231506/tools/bin/../lib/gcc/arm-none-eabi/11.3.1/../../../../arm-none-eabi/lib/thumb/v7-m/nofp\libnosys.a
END GROUP
LOAD C:/ST/STM32CubeIDE_1.13.1/STM32CubeIDE/plugins/com.st.stm32cube.ide.mcu.externaltools.gnu-tools-for-stm32.11.3.rel1.win32_1.1.0.202305231506/tools/bin/../lib/gcc/arm-none-eabi/11.3.1/thumb/v7-m/nofp/crtend.o
LOAD C:/ST/STM32CubeIDE_1.13.1/STM32CubeIDE/plugins/com.st.stm32cube.ide.mcu.externaltools.gnu-tools-for-stm32.11.3.rel1.win32_1.1.0.202305231506/tools/bin/../lib/gcc/arm-none-eabi/11.3.1/thumb/v7-m/nofp/crtn.o
                0x0000000020005000                _estack = (ORIGIN (RAM) + LENGTH (RAM))
                0x0000000000000200                _Min_Heap_Size = 0x200
                0x0000000000000400                _Min_Stack_Size = 0x400

.isr_vector     0x0000000008000000      0x130
                0x0000000008000000                . = ALIGN (0x4)
 *(.isr_vector)
 .isr_vector    0x0000000008000000      0x130 ./Startup/startup_stm32f103c8tx.o
                0x0000000008000000                g_pfnVectors
                0x0000000008000130                . = ALIGN (0x4)

.text           0x0000000008000130      0x8a8
                0x0000000008000130                . = ALIGN (0x4)
 *(.text)
 .text          0x0000000008000130       0x40 C:/ST/STM32CubeIDE_1.13.1/STM32CubeIDE/plugins/com.st.stm32cube.ide.mcu.externaltools.gnu-tools-for-stm32.11.3.rel1.win32_1.1.0.202305231506/tools/bin/../lib/gcc/arm-none-eabi/11.3.1/thumb/v7-m/nofp/crtbegin.o
 *(.text*)
 .text.EXTI0_IRQHandler
                0x0000000008000170       0x24 ./Src/EXTI.o
                0x0000000008000170                EXTI0_IRQHandler
 .text.MGPIO_VidSetPinDirection
                0x0000000008000194      0x1a4 ./Src/GPIO.o
                0x0000000008000194                MGPIO_VidSetPinDirection
 .text.MGPIO_VidSetPortDirection
                0x0000000008000338       0xcc ./Src/GPIO.o
                0x0000000008000338                MGPIO_VidSetPortDirection
 .text.MGPIO_VidSetPortValue
                0x0000000008000404       0xdc ./Src/GPIO.o
                0x0000000008000404                MGPIO_VidSetPortValue
 .text.MRCC_VidInit
                0x00000000080004e0       0x68 ./Src/RCC_PROG.o
                0x00000000080004e0                MRCC_VidInit
 .text.MRCC_VidEnablePeripheralClock
                0x0000000008000548       0x74 ./Src/RCC_PROG.o
                0x0000000008000548                MRCC_VidEnablePeripheralClock
 .text.SysTick_Handler
                0x00000000080005bc       0x14 ./Src/SYSTICK_PROG.o
                0x00000000080005bc                SysTick_Handler
 .text.TIM2_IRQHandler
                0x00000000080005d0       0xbc ./Src/TIMERx_PROG.o
                0x00000000080005d0                TIM2_IRQHandler
 .text.TIM3_IRQHandler
                0x000000000800068c       0xa8 ./Src/TIMERx_PROG.o
                0x000000000800068c                TIM3_IRQHandler
 .text.MUSART2_VidInit
                0x0000000008000734       0xc8 ./Src/USART2_PROG.o
                0x0000000008000734                MUSART2_VidInit
 .text.MUSART2_u8RecCharSynch
                0x00000000080007fc       0x64 ./Src/USART2_PROG.o
                0x00000000080007fc                MUSART2_u8RecCharSynch
 .text.USART1_IRQHandler
                0x0000000008000860       0x1c ./Src/USART_PROG.o
                0x0000000008000860                USART1_IRQHandler
 .text.main     0x000000000800087c       0xa8 ./Src/main.o
                0x000000000800087c                main
 .text.Reset_Handler
                0x0000000008000924       0x50 ./Startup/startup_stm32f103c8tx.o
                0x0000000008000924                Reset_Handler
 .text.Default_Handler
                0x0000000008000974        0x2 ./Startup/startup_stm32f103c8tx.o
                0x0000000008000974                EXTI2_IRQHandler
                0x0000000008000974                TIM8_TRG_COM_IRQHandler
                0x0000000008000974                TIM8_CC_IRQHandler
                0x0000000008000974                DebugMon_Handler
                0x0000000008000974                TIM1_CC_IRQHandler
                0x0000000008000974                HardFault_Handler
                0x0000000008000974                TIM6_IRQHandler
                0x0000000008000974                PVD_IRQHandler
                0x0000000008000974                SDIO_IRQHandler
                0x0000000008000974                PendSV_Handler
                0x0000000008000974                NMI_Handler
                0x0000000008000974                EXTI3_IRQHandler
                0x0000000008000974                USB_HP_CAN_TX_IRQHandler
                0x0000000008000974                I2C2_EV_IRQHandler
                0x0000000008000974                UsageFault_Handler
                0x0000000008000974                ADC1_2_IRQHandler
                0x0000000008000974                SPI1_IRQHandler
                0x0000000008000974                CAN_SCE_IRQHandler
                0x0000000008000974                TAMPER_IRQHandler
                0x0000000008000974                TIM8_UP_IRQHandler
                0x0000000008000974                DMA2_Channel2_IRQHandler
                0x0000000008000974                DMA1_Channel4_IRQHandler
                0x0000000008000974                USART3_IRQHandler
                0x0000000008000974                RTC_IRQHandler
                0x0000000008000974                DMA1_Channel7_IRQHandler
                0x0000000008000974                UART5_IRQHandler
                0x0000000008000974                ADC3_IRQHandler
                0x0000000008000974                TIM4_IRQHandler
                0x0000000008000974                CAN_RX1_IRQHandler
                0x0000000008000974                DMA2_Channel1_IRQHandler
                0x0000000008000974                I2C1_EV_IRQHandler
                0x0000000008000974                DMA1_Channel6_IRQHandler
                0x0000000008000974                UART4_IRQHandler
                0x0000000008000974                RCC_IRQHandler
                0x0000000008000974                TIM1_TRG_COM_IRQHandler
                0x0000000008000974                DMA1_Channel1_IRQHandler
                0x0000000008000974                Default_Handler
                0x0000000008000974                EXTI15_10_IRQHandler
                0x0000000008000974                TIM7_IRQHandler
                0x0000000008000974                TIM5_IRQHandler
                0x0000000008000974                EXTI9_5_IRQHandler
                0x0000000008000974                SPI2_IRQHandler
                0x0000000008000974                USB_LP_CAN_RX0_IRQHandler
                0x0000000008000974                MemManage_Handler
                0x0000000008000974                SVC_Handler
                0x0000000008000974                DMA1_Channel5_IRQHandler
                0x0000000008000974                EXTI4_IRQHandler
                0x0000000008000974                DMA1_Channel3_IRQHandler
                0x0000000008000974                FSMC_IRQHandler
                0x0000000008000974                TIM1_UP_IRQHandler
                0x0000000008000974                WWDG_IRQHandler
                0x0000000008000974                TIM1_BRK_IRQHandler
                0x0000000008000974                EXTI1_IRQHandler
                0x0000000008000974                RTCAlarm_IRQHandler
                0x0000000008000974                DMA2_Channel4_5_IRQHandler
                0x0000000008000974                USART2_IRQHandler
                0x0000000008000974                I2C2_ER_IRQHandler
                0x0000000008000974                DMA1_Channel2_IRQHandler
                0x0000000008000974                TIM8_BRK_IRQHandler
                0x0000000008000974                FLASH_IRQHandler
                0x0000000008000974                BusFault_Handler
                0x0000000008000974                SPI3_IRQHandler
                0x0000000008000974                I2C1_ER_IRQHandler
                0x0000000008000974                DMA2_Channel3_IRQHandler
 *fill*         0x0000000008000976        0x2 
 .text.__libc_init_array
                0x0000000008000978       0x48 C:/ST/STM32CubeIDE_1.13.1/STM32CubeIDE/plugins/com.st.stm32cube.ide.mcu.externaltools.gnu-tools-for-stm32.11.3.rel1.win32_1.1.0.202305231506/tools/bin/../lib/gcc/arm-none-eabi/11.3.1/../../../../arm-none-eabi/lib/thumb/v7-m/nofp\libc_nano.a(libc_a-init.o)
                0x0000000008000978                __libc_init_array
 *(.glue_7)
 .glue_7        0x00000000080009c0        0x0 linker stubs
 *(.glue_7t)
 .glue_7t       0x00000000080009c0        0x0 linker stubs
 *(.eh_frame)
 .eh_frame      0x00000000080009c0        0x0 C:/ST/STM32CubeIDE_1.13.1/STM32CubeIDE/plugins/com.st.stm32cube.ide.mcu.externaltools.gnu-tools-for-stm32.11.3.rel1.win32_1.1.0.202305231506/tools/bin/../lib/gcc/arm-none-eabi/11.3.1/thumb/v7-m/nofp/crtbegin.o
 *(.init)
 .init          0x00000000080009c0        0x4 C:/ST/STM32CubeIDE_1.13.1/STM32CubeIDE/plugins/com.st.stm32cube.ide.mcu.externaltools.gnu-tools-for-stm32.11.3.rel1.win32_1.1.0.202305231506/tools/bin/../lib/gcc/arm-none-eabi/11.3.1/thumb/v7-m/nofp/crti.o
                0x00000000080009c0                _init
 .init          0x00000000080009c4        0x8 C:/ST/STM32CubeIDE_1.13.1/STM32CubeIDE/plugins/com.st.stm32cube.ide.mcu.externaltools.gnu-tools-for-stm32.11.3.rel1.win32_1.1.0.202305231506/tools/bin/../lib/gcc/arm-none-eabi/11.3.1/thumb/v7-m/nofp/crtn.o
 *(.fini)
 .fini          0x00000000080009cc        0x4 C:/ST/STM32CubeIDE_1.13.1/STM32CubeIDE/plugins/com.st.stm32cube.ide.mcu.externaltools.gnu-tools-for-stm32.11.3.rel1.win32_1.1.0.202305231506/tools/bin/../lib/gcc/arm-none-eabi/11.3.1/thumb/v7-m/nofp/crti.o
                0x00000000080009cc                _fini
 .fini          0x00000000080009d0        0x8 C:/ST/STM32CubeIDE_1.13.1/STM32CubeIDE/plugins/com.st.stm32cube.ide.mcu.externaltools.gnu-tools-for-stm32.11.3.rel1.win32_1.1.0.202305231506/tools/bin/../lib/gcc/arm-none-eabi/11.3.1/thumb/v7-m/nofp/crtn.o
                0x00000000080009d8                . = ALIGN (0x4)
                0x00000000080009d8                _etext = .

.vfp11_veneer   0x00000000080009d8        0x0
 .vfp11_veneer  0x00000000080009d8        0x0 linker stubs

.v4_bx          0x00000000080009d8        0x0
 .v4_bx         0x00000000080009d8        0x0 linker stubs

.iplt           0x00000000080009d8        0x0
 .iplt          0x00000000080009d8        0x0 C:/ST/STM32CubeIDE_1.13.1/STM32CubeIDE/plugins/com.st.stm32cube.ide.mcu.externaltools.gnu-tools-for-stm32.11.3.rel1.win32_1.1.0.202305231506/tools/bin/../lib/gcc/arm-none-eabi/11.3.1/thumb/v7-m/nofp/crtbegin.o

.rel.dyn        0x00000000080009d8        0x0
 .rel.iplt      0x00000000080009d8        0x0 C:/ST/STM32CubeIDE_1.13.1/STM32CubeIDE/plugins/com.st.stm32cube.ide.mcu.externaltools.gnu-tools-for-stm32.11.3.rel1.win32_1.1.0.202305231506/tools/bin/../lib/gcc/arm-none-eabi/11.3.1/thumb/v7-m/nofp/crtbegin.o

.rodata         0x00000000080009d8        0x0
                0x00000000080009d8                . = ALIGN (0x4)
 *(.rodata)
 *(.rodata*)
                0x00000000080009d8                . = ALIGN (0x4)

.ARM.extab      0x00000000080009d8        0x0
                0x00000000080009d8                . = ALIGN (0x4)
 *(.ARM.extab* .gnu.linkonce.armextab.*)
                0x00000000080009d8                . = ALIGN (0x4)

.ARM            0x00000000080009d8        0x0
                0x00000000080009d8                . = ALIGN (0x4)
                0x00000000080009d8                __exidx_start = .
 *(.ARM.exidx*)
                0x00000000080009d8                __exidx_end = .
                0x00000000080009d8                . = ALIGN (0x4)

.preinit_array  0x00000000080009d8        0x0
                0x00000000080009d8                . = ALIGN (0x4)
                0x00000000080009d8                PROVIDE (__preinit_array_start = .)
 *(.preinit_array*)
                0x00000000080009d8                PROVIDE (__preinit_array_end = .)
                0x00000000080009d8                . = ALIGN (0x4)

.init_array     0x00000000080009d8        0x4
                0x00000000080009d8                . = ALIGN (0x4)
                0x00000000080009d8                PROVIDE (__init_array_start = .)
 *(SORT_BY_NAME(.init_array.*))
 *(.init_array*)
 .init_array    0x00000000080009d8        0x4 C:/ST/STM32CubeIDE_1.13.1/STM32CubeIDE/plugins/com.st.stm32cube.ide.mcu.externaltools.gnu-tools-for-stm32.11.3.rel1.win32_1.1.0.202305231506/tools/bin/../lib/gcc/arm-none-eabi/11.3.1/thumb/v7-m/nofp/crtbegin.o
                0x00000000080009dc                PROVIDE (__init_array_end = .)
                0x00000000080009dc                . = ALIGN (0x4)

.fini_array     0x00000000080009dc        0x4
                0x00000000080009dc                . = ALIGN (0x4)
                [!provide]                        PROVIDE (__fini_array_start = .)
 *(SORT_BY_NAME(.fini_array.*))
 *(.fini_array*)
 .fini_array    0x00000000080009dc        0x4 C:/ST/STM32CubeIDE_1.13.1/STM32CubeIDE/plugins/com.st.stm32cube.ide.mcu.externaltools.gnu-tools-for-stm32.11.3.rel1.win32_1.1.0.202305231506/tools/bin/../lib/gcc/arm-none-eabi/11.3.1/thumb/v7-m/nofp/crtbegin.o
                [!provide]                        PROVIDE (__fini_array_end = .)
                0x00000000080009e0                . = ALIGN (0x4)
                0x00000000080009e0                _sidata = LOADADDR (.data)

.data           0x0000000020000000        0x0 load address 0x00000000080009e0
                0x0000000020000000                . = ALIGN (0x4)
                0x0000000020000000                _sdata = .
 *(.data)
 *(.data*)
 *(.RamFunc)
 *(.RamFunc*)
                0x0000000020000000                . = ALIGN (0x4)
                0x0000000020000000                _edata = .

.igot.plt       0x0000000020000000        0x0 load address 0x00000000080009e0
 .igot.plt      0x0000000020000000        0x0 C:/ST/STM32CubeIDE_1.13.1/STM32CubeIDE/plugins/com.st.stm32cube.ide.mcu.externaltools.gnu-tools-for-stm32.11.3.rel1.win32_1.1.0.202305231506/tools/bin/../lib/gcc/arm-none-eabi/11.3.1/thumb/v7-m/nofp/crtbegin.o
                0x0000000020000000                . = ALIGN (0x4)

.bss            0x0000000020000000       0x68 load address 0x00000000080009e0
                0x0000000020000000                _sbss = .
                0x0000000020000000                __bss_start__ = _sbss
 *(.bss)
 .bss           0x0000000020000000       0x1c C:/ST/STM32CubeIDE_1.13.1/STM32CubeIDE/plugins/com.st.stm32cube.ide.mcu.externaltools.gnu-tools-for-stm32.11.3.rel1.win32_1.1.0.202305231506/tools/bin/../lib/gcc/arm-none-eabi/11.3.1/thumb/v7-m/nofp/crtbegin.o
 *(.bss*)
 .bss.EXTI0_CallBack
                0x000000002000001c        0x4 ./Src/EXTI.o
                0x000000002000001c                EXTI0_CallBack
 .bss.MSTK_CallBack
                0x0000000020000020        0x4 ./Src/SYSTICK_PROG.o
                0x0000000020000020                MSTK_CallBack
 .bss.input_capture_callback
                0x0000000020000024       0x40 ./Src/TIMERx_PROG.o
 .bss.MUSART1_CallBack
                0x0000000020000064        0x4 ./Src/USART_PROG.o
                0x0000000020000064                MUSART1_CallBack
 *(COMMON)
                0x0000000020000068                . = ALIGN (0x4)
                0x0000000020000068                _ebss = .
                0x0000000020000068                __bss_end__ = _ebss

._user_heap_stack
                0x0000000020000068      0x600 load address 0x00000000080009e0
                0x0000000020000068                . = ALIGN (0x8)
                [!provide]                        PROVIDE (end = .)
                0x0000000020000068                PROVIDE (_end = .)
                0x0000000020000268                . = (. + _Min_Heap_Size)
 *fill*         0x0000000020000068      0x200 
                0x0000000020000668                . = (. + _Min_Stack_Size)
 *fill*         0x0000000020000268      0x400 
                0x0000000020000668                . = ALIGN (0x8)

/DISCARD/
 libc.a(*)
 libm.a(*)
 libgcc.a(*)

.ARM.attributes
                0x0000000000000000       0x29
 *(.ARM.attributes)
 .ARM.attributes
                0x0000000000000000       0x1d C:/ST/STM32CubeIDE_1.13.1/STM32CubeIDE/plugins/com.st.stm32cube.ide.mcu.externaltools.gnu-tools-for-stm32.11.3.rel1.win32_1.1.0.202305231506/tools/bin/../lib/gcc/arm-none-eabi/11.3.1/thumb/v7-m/nofp/crti.o
 .ARM.attributes
                0x000000000000001d       0x2d C:/ST/STM32CubeIDE_1.13.1/STM32CubeIDE/plugins/com.st.stm32cube.ide.mcu.externaltools.gnu-tools-for-stm32.11.3.rel1.win32_1.1.0.202305231506/tools/bin/../lib/gcc/arm-none-eabi/11.3.1/thumb/v7-m/nofp/crtbegin.o
 .ARM.attributes
                0x000000000000004a       0x2d ./Src/EXTI.o
 .ARM.attributes
                0x0000000000000077       0x2d ./Src/GPIO.o
 .ARM.attributes
                0x00000000000000a4       0x2d ./Src/RCC_PROG.o
 .ARM.attributes
                0x00000000000000d1       0x2d ./Src/SYSTICK_PROG.o
 .ARM.attributes
                0x00000000000000fe       0x2d ./Src/TIMERx_PROG.o
 .ARM.attributes
                0x000000000000012b       0x2d ./Src/USART2_PROG.o
 .ARM.attributes
                0x0000000000000158       0x2d ./Src/USART_PROG.o
 .ARM.attributes
                0x0000000000000185       0x2d ./Src/main.o
 .ARM.attributes
                0x00000000000001b2       0x21 ./Startup/startup_stm32f103c8tx.o
 .ARM.attributes
                0x00000000000001d3       0x2d C:/ST/STM32CubeIDE_1.13.1/STM32CubeIDE/plugins/com.st.stm32cube.ide.mcu.externaltools.gnu-tools-for-stm32.11.3.rel1.win32_1.1.0.202305231506/tools/bin/../lib/gcc/arm-none-eabi/11.3.1/../../../../arm-none-eabi/lib/thumb/v7-m/nofp\libc_nano.a(libc_a-init.o)
 .ARM.attributes
                0x0000000000000200       0x1d C:/ST/STM32CubeIDE_1.13.1/STM32CubeIDE/plugins/com.st.stm32cube.ide.mcu.externaltools.gnu-tools-for-stm32.11.3.rel1.win32_1.1.0.202305231506/tools/bin/../lib/gcc/arm-none-eabi/11.3.1/thumb/v7-m/nofp/crtn.o
OUTPUT(FOTA_Bootloader.elf elf32-littlearm)
LOAD linker stubs
LOAD C:/ST/STM32CubeIDE_1.13.1/STM32CubeIDE/plugins/com.st.stm32cube.ide.mcu.externaltools.gnu-tools-for-stm32.11.3.rel1.win32_1.1.0.202305231506/tools/bin/../lib/gcc/arm-none-eabi/11.3.1/../../../../arm-none-eabi/lib/thumb/v7-m/nofp\libc.a
LOAD C:/ST/STM32CubeIDE_1.13.1/STM32CubeIDE/plugins/com.st.stm32cube.ide.mcu.externaltools.gnu-tools-for-stm32.11.3.rel1.win32_1.1.0.202305231506/tools/bin/../lib/gcc/arm-none-eabi/11.3.1/../../../../arm-none-eabi/lib/thumb/v7-m/nofp\libm.a
LOAD C:/ST/STM32CubeIDE_1.13.1/STM32CubeIDE/plugins/com.st.stm32cube.ide.mcu.externaltools.gnu-tools-for-stm32.11.3.rel1.win32_1.1.0.202305231506/tools/bin/../lib/gcc/arm-none-eabi/11.3.1/thumb/v7-m/nofp\libgcc.a

.comment        0x0000000000000000       0x43
 .comment       0x0000000000000000       0x43 C:/ST/STM32CubeIDE_1.13.1/STM32CubeIDE/plugins/com.st.stm32cube.ide.mcu.externaltools.gnu-tools-for-stm32.11.3.rel1.win32_1.1.0.202305231506/tools/bin/../lib/gcc/arm-none-eabi/11.3.1/thumb/v7-m/nofp/crtbegin.o
                                         0x44 (size before relaxing)
 .comment       0x0000000000000043       0x44 ./Src/EXTI.o
 .comment       0x0000000000000043       0x44 ./Src/GPIO.o
 .comment       0x0000000000000043       0x44 ./Src/RCC_PROG.o
 .comment       0x0000000000000043       0x44 ./Src/SYSTICK_PROG.o
 .comment       0x0000000000000043       0x44 ./Src/TIMERx_PROG.o
 .comment       0x0000000000000043       0x44 ./Src/USART2_PROG.o
 .comment       0x0000000000000043       0x44 ./Src/USART_PROG.o
 .comment       0x0000000000000043       0x44 ./Src/main.o

.debug_info     0x0000000000000000     0x1420
 .debug_info    0x0000000000000000      0x1c9 ./Src/EXTI.o
 .debug_info    0x00000000000001c9      0x27b ./Src/GPIO.o
 .debug_info    0x0000000000000444      0x194 ./Src/RCC_PROG.o
 .debug_info    0x00000000000005d8      0x231 ./Src/SYSTICK_PROG.o
 .debug_info    0x0000000000000809      0x534 ./Src/TIMERx_PROG.o
 .debug_info    0x0000000000000d3d      0x2bd ./Src/USART2_PROG.o
 .debug_info    0x0000000000000ffa      0x2bd ./Src/USART_PROG.o
 .debug_info    0x00000000000012b7      0x146 ./Src/main.o
 .debug_info    0x00000000000013fd       0x23 ./Startup/startup_stm32f103c8tx.o

.debug_abbrev   0x0000000000000000      0x9cc
 .debug_abbrev  0x0000000000000000      0x111 ./Src/EXTI.o
 .debug_abbrev  0x0000000000000111       0xf4 ./Src/GPIO.o
 .debug_abbrev  0x0000000000000205       0xc5 ./Src/RCC_PROG.o
 .debug_abbrev  0x00000000000002ca      0x13d ./Src/SYSTICK_PROG.o
 .debug_abbrev  0x0000000000000407      0x1c7 ./Src/TIMERx_PROG.o
 .debug_abbrev  0x00000000000005ce      0x19e ./Src/USART2_PROG.o
 .debug_abbrev  0x000000000000076c      0x19e ./Src/USART_PROG.o
 .debug_abbrev  0x000000000000090a       0xb0 ./Src/main.o
 .debug_abbrev  0x00000000000009ba       0x12 ./Startup/startup_stm32f103c8tx.o

.debug_aranges  0x0000000000000000      0x2c8
 .debug_aranges
                0x0000000000000000       0x48 ./Src/EXTI.o
 .debug_aranges
                0x0000000000000048       0x48 ./Src/GPIO.o
 .debug_aranges
                0x0000000000000090       0x30 ./Src/RCC_PROG.o
 .debug_aranges
                0x00000000000000c0       0x68 ./Src/SYSTICK_PROG.o
 .debug_aranges
                0x0000000000000128       0x98 ./Src/TIMERx_PROG.o
 .debug_aranges
                0x00000000000001c0       0x60 ./Src/USART2_PROG.o
 .debug_aranges
                0x0000000000000220       0x60 ./Src/USART_PROG.o
 .debug_aranges
                0x0000000000000280       0x20 ./Src/main.o
 .debug_aranges
                0x00000000000002a0       0x28 ./Startup/startup_stm32f103c8tx.o

.debug_rnglists
                0x0000000000000000      0x1f9
 .debug_rnglists
                0x0000000000000000       0x32 ./Src/EXTI.o
 .debug_rnglists
                0x0000000000000032       0x36 ./Src/GPIO.o
 .debug_rnglists
                0x0000000000000068       0x1f ./Src/RCC_PROG.o
 .debug_rnglists
                0x0000000000000087       0x49 ./Src/SYSTICK_PROG.o
 .debug_rnglists
                0x00000000000000d0       0x74 ./Src/TIMERx_PROG.o
 .debug_rnglists
                0x0000000000000144       0x44 ./Src/USART2_PROG.o
 .debug_rnglists
                0x0000000000000188       0x44 ./Src/USART_PROG.o
 .debug_rnglists
                0x00000000000001cc       0x14 ./Src/main.o
 .debug_rnglists
                0x00000000000001e0       0x19 ./Startup/startup_stm32f103c8tx.o

.debug_macro    0x0000000000000000     0x1902
 .debug_macro   0x0000000000000000       0x3f ./Src/EXTI.o
 .debug_macro   0x000000000000003f       0x10 ./Src/EXTI.o
 .debug_macro   0x000000000000004f       0xee ./Src/EXTI.o
 .debug_macro   0x000000000000013d       0x36 ./Src/GPIO.o
 .debug_macro   0x0000000000000173       0x1c ./Src/GPIO.o
 .debug_macro   0x000000000000018f       0x53 ./Src/RCC_PROG.o
 .debug_macro   0x00000000000001e2      0x210 ./Src/RCC_PROG.o
 .debug_macro   0x00000000000003f2       0x22 ./Src/RCC_PROG.o
 .debug_macro   0x0000000000000414       0x10 ./Src/RCC_PROG.o
 .debug_macro   0x0000000000000424       0x3f ./Src/SYSTICK_PROG.o
 .debug_macro   0x0000000000000463       0x10 ./Src/SYSTICK_PROG.o
 .debug_macro   0x0000000000000473       0x10 ./Src/SYSTICK_PROG.o
 .debug_macro   0x0000000000000483       0x48 ./Src/TIMERx_PROG.o
 .debug_macro   0x00000000000004cb       0x82 ./Src/TIMERx_PROG.o
 .debug_macro   0x000000000000054d       0x40 ./Src/TIMERx_PROG.o
 .debug_macro   0x000000000000058d      0xd0e ./Src/TIMERx_PROG.o
 .debug_macro   0x000000000000129b       0x45 ./Src/USART2_PROG.o
 .debug_macro   0x00000000000012e0       0x7c ./Src/USART2_PROG.o
 .debug_macro   0x000000000000135c       0x40 ./Src/USART2_PROG.o
 .debug_macro   0x000000000000139c       0x28 ./Src/USART2_PROG.o
 .debug_macro   0x00000000000013c4       0x45 ./Src/USART_PROG.o
 .debug_macro   0x0000000000001409       0xac ./Src/main.o
 .debug_macro   0x00000000000014b5       0x22 ./Src/main.o
 .debug_macro   0x00000000000014d7       0x8e ./Src/main.o
 .debug_macro   0x0000000000001565       0x51 ./Src/main.o
 .debug_macro   0x00000000000015b6      0x103 ./Src/main.o
 .debug_macro   0x00000000000016b9       0x6a ./Src/main.o
 .debug_macro   0x0000000000001723      0x1df ./Src/main.o

.debug_line     0x0000000000000000     0x1ff6
 .debug_line    0x0000000000000000      0x1cc ./Src/EXTI.o
 .debug_line    0x00000000000001cc      0x594 ./Src/GPIO.o
 .debug_line    0x0000000000000760      0x1f4 ./Src/RCC_PROG.o
 .debug_line    0x0000000000000954      0x304 ./Src/SYSTICK_PROG.o
 .debug_line    0x0000000000000c58      0x5b6 ./Src/TIMERx_PROG.o
 .debug_line    0x000000000000120e      0x2fe ./Src/USART2_PROG.o
 .debug_line    0x000000000000150c      0x2f7 ./Src/USART_PROG.o
 .debug_line    0x0000000000001803      0x778 ./Src/main.o
 .debug_line    0x0000000000001f7b       0x7b ./Startup/startup_stm32f103c8tx.o

.debug_str      0x0000000000000000     0x9cb3
 .debug_str     0x0000000000000000     0x31f6 ./Src/EXTI.o
                                       0x326d (size before relaxing)
 .debug_str     0x00000000000031f6      0x3ff ./Src/GPIO.o
                                       0x32d4 (size before relaxing)
 .debug_str     0x00000000000035f5      0x6d5 ./Src/RCC_PROG.o
                                       0x3591 (size before relaxing)
 .debug_str     0x0000000000003cca      0x1df ./Src/SYSTICK_PROG.o
                                       0x309b (size before relaxing)
 .debug_str     0x0000000000003ea9     0x47c8 ./Src/TIMERx_PROG.o
                                       0x792c (size before relaxing)
 .debug_str     0x0000000000008671      0x525 ./Src/USART2_PROG.o
                                       0x33f5 (size before relaxing)
 .debug_str     0x0000000000008b96      0x204 ./Src/USART_PROG.o
                                       0x33f2 (size before relaxing)
 .debug_str     0x0000000000008d9a      0xeea ./Src/main.o
                                       0x48c6 (size before relaxing)
 .debug_str     0x0000000000009c84       0x2f ./Startup/startup_stm32f103c8tx.o
                                         0x82 (size before relaxing)

.debug_frame    0x0000000000000000      0x968
 .debug_frame   0x0000000000000000       0xf4 ./Src/EXTI.o
 .debug_frame   0x00000000000000f4      0x100 ./Src/GPIO.o
 .debug_frame   0x00000000000001f4       0x88 ./Src/RCC_PROG.o
 .debug_frame   0x000000000000027c      0x17c ./Src/SYSTICK_PROG.o
 .debug_frame   0x00000000000003f8      0x24c ./Src/TIMERx_PROG.o
 .debug_frame   0x0000000000000644      0x164 ./Src/USART2_PROG.o
 .debug_frame   0x00000000000007a8      0x164 ./Src/USART_PROG.o
 .debug_frame   0x000000000000090c       0x30 ./Src/main.o
 .debug_frame   0x000000000000093c       0x2c C:/ST/STM32CubeIDE_1.13.1/STM32CubeIDE/plugins/com.st.stm32cube.ide.mcu.externaltools.gnu-tools-for-stm32.11.3.rel1.win32_1.1.0.202305231506/tools/bin/../lib/gcc/arm-none-eabi/11.3.1/../../../../arm-none-eabi/lib/thumb/v7-m/nofp\libc_nano.a(libc_a-init.o)

.debug_line_str
                0x0000000000000000       0x76
 .debug_line_str
                0x0000000000000000       0x76 ./Startup/startup_stm32f103c8tx.o
                                         0x8e (size before relaxing)
