../Src/SYSTICK_PROG.c:17:6:SysTick_Handler	8	static
../Src/SYSTICK_PROG.c:23:6:MSTK_VidSetCallBack	16	static
../Src/SYSTICK_PROG.c:28:6:MSTK_VidInit	4	static
../Src/SYSTICK_PROG.c:36:6:MSTK_VidStart	16	static
../Src/SYSTICK_PROG.c:48:6:MSTK_VidINTStatus	16	static
../Src/SYSTICK_PROG.c:55:4:MSTK_u8ReadFlag	4	static
../Src/SYSTICK_PROG.c:60:6:MSTK_voidSetIntervalSingle	16	static
../Src/SYSTICK_PROG.c:83:6:MSTK_voidSetIntervalPeriodic	16	static
../Src/SYSTICK_PROG.c:101:6:MSTK_voidSetBusyWait	16	static
../Src/SYSTICK_PROG.c:119:6:MSTK_voidStopInterval	4	static
