../Src/TIMERx_PROG.c:19:18:MTIMERx_GetTimerID	24	static
../Src/TIMERx_PROG.c:33:6:MTIMERx_voidInit	16	static
../Src/TIMERx_PROG.c:69:6:MTIMERx_voidUpdatePSC	32	static
../Src/TIMERx_PROG.c:77:6:MTIMERx_voidPWMSetup	24	static
../Src/TIMERx_PROG.c:122:6:MTIMERx_voidSetPWMDuty	24	static
../Src/TIMERx_PROG.c:136:6:MTIMERx_voidStopTimer	16	static
../Src/TIMERx_PROG.c:149:6:MTIMERx_voidStartTimer	16	static
../Src/TIMERx_PROG.c:161:6:MTIMERx_voidInputCaptureSetup	24	static
../Src/TIMERx_PROG.c:212:6:MTIMERx_voidGetInputCaptureCounter	24	static
../Src/TIMERx_PROG.c:227:6:MTIMERx_voidSetInputCaptureTrigger	24	static
../Src/TIMERx_PROG.c:257:6:MTIMERx_voidInputCaptureCallback	16	static
../Src/TIMERx_PROG.c:268:6:TIM2_IRQHandler	8	static
../Src/TIMERx_PROG.c:312:6:TIM3_IRQHandler	8	static
../Src/TIMERx_PROG.c:359:6:TIM3_PWM_Init	8	static
../Src/TIMERx_PROG.c:378:6:TIM3_PWM_CH1_Generate	16	static
../Src/TIMERx_PROG.c:394:6:TIM3_PWM_CH2_Generate	16	static
