../Src/USART2_PROG.c:18:6:MUSART2_VidInit	16	static
../Src/USART2_PROG.c:126:6:MUSART2_VidSendCharSync	16	static
../Src/USART2_PROG.c:136:6:MUSART2_VidSendStringSynch	24	static
../Src/USART2_PROG.c:149:4:MUSART2_u8RecCharSynch	16	static
../Src/USART2_PROG.c:176:6:MUSART2_PtrReadStringSynch	16	static
../Src/USART2_PROG.c:193:6:MUSART2_VidSetCallBack	16	static
../Src/USART2_PROG.c:199:6:MUSART2_IRQHandler	8	static
../Src/USART2_PROG.c:206:6:MUSART2_voidTransmit	24	static
../Src/USART2_PROG.c:217:4:MUSART2_u8Receive	24	static
