../Src/USART_PROG.c:18:6:MUSART_VidInit	16	static
../Src/USART_PROG.c:126:6:MUSART1_VidSendCharSync	16	static
../Src/USART_PROG.c:136:6:MUSART1_VidSendStringSynch	24	static
../Src/USART_PROG.c:149:4:MUSART1_u8RecCharSynch	16	static
../Src/USART_PROG.c:176:6:MUSART1_PtrReadStringSynch	16	static
../Src/USART_PROG.c:193:6:MUSART1_VidSetCallBack	16	static
../Src/USART_PROG.c:199:6:USART1_IRQHandler	8	static
../Src/USART_PROG.c:206:6:MUSART1_voidTransmit	24	static
../Src/USART_PROG.c:217:4:MUSART1_u8Receive	24	static
